-- The C compiler identification is GNU 13.3.0
-- The CXX compiler identification is GNU 13.3.0
-- Detecting C compiler ABI info
-- Detecting C compiler ABI info - done
-- Check for working C compiler: /usr/bin/cc - skipped
-- Detecting C compile features
-- Detecting C compile features - done
-- Detecting CXX compiler ABI info
-- Detecting CXX compiler ABI info - done
-- Check for working CXX compiler: /usr/bin/c++ - skipped
-- Detecting CXX compile features
-- Detecting CXX compile features - done
-- Found ament_cmake: 2.5.6 (/opt/ros/jazzy/share/ament_cmake/cmake)
-- Found Python3: /usr/bin/python3 (found version "3.12.3") found components: Interpreter 
-- Found rclcpp: 28.1.22 (/opt/ros/jazzy/share/rclcpp/cmake)
-- Found rosidl_generator_c: 4.6.9 (/opt/ros/jazzy/share/rosidl_generator_c/cmake)
-- Found rosidl_generator_cpp: 4.6.9 (/opt/ros/jazzy/share/rosidl_generator_cpp/cmake)
-- Using all available rosidl_typesupport_c: rosidl_typesupport_fastrtps_c;rosidl_typesupport_introspection_c
-- Using all available rosidl_typesupport_cpp: rosidl_typesupport_fastrtps_cpp;rosidl_typesupport_introspection_cpp
-- Found rmw_implementation_cmake: 7.3.3 (/opt/ros/jazzy/share/rmw_implementation_cmake/cmake)
-- Found rmw_fastrtps_cpp: 8.4.4 (/opt/ros/jazzy/share/rmw_fastrtps_cpp/cmake)
-- Found OpenSSL: /usr/lib/x86_64-linux-gnu/libcrypto.so (found version "3.0.13")  
-- Found FastRTPS: /opt/ros/jazzy/include (Required is at least version "2.13") 
-- Using RMW implementation 'rmw_fastrtps_cpp' as default
-- Found sensor_msgs: 5.3.8 (/opt/ros/jazzy/share/sensor_msgs/cmake)
-- Configuring done (1.1s)
-- Generating done (0.0s)
-- Build files have been written to: /home/ahmed/Desktop/Robotics/build/mujoco_ros2
[ 66%] [32mBuilding CXX object CMakeFiles/mujoco_node.dir/src/nodes/mujoco_node.cpp.o[0m
[ 66%] [32mBuilding CXX object CMakeFiles/mujoco_node.dir/src/mujoco_ros.cpp.o[0m
[100%] [32m[1mLinking CXX executable mujoco_node[0m
[100%] Built target mujoco_node
-- Install configuration: ""
-- Installing: /home/ahmed/Desktop/Robotics/install/mujoco_ros2/lib/mujoco_ros2/mujoco_node
-- Set non-toolchain portion of runtime path of "/home/ahmed/Desktop/Robotics/install/mujoco_ros2/lib/mujoco_ros2/mujoco_node" to ""
-- Installing: /home/ahmed/Desktop/Robotics/install/mujoco_ros2/share/mujoco_ros2/launch
-- Installing: /home/ahmed/Desktop/Robotics/install/mujoco_ros2/share/mujoco_ros2/launch/example.py
-- Installing: /home/ahmed/Desktop/Robotics/install/mujoco_ros2/share/mujoco_ros2/model
-- Installing: /home/ahmed/Desktop/Robotics/install/mujoco_ros2/share/mujoco_ros2/model/two_link_planar.xml
-- Installing: /home/ahmed/Desktop/Robotics/install/mujoco_ros2/share/mujoco_ros2/model/scene.xml
-- Installing: /home/ahmed/Desktop/Robotics/install/mujoco_ros2/share/ament_index/resource_index/package_run_dependencies/mujoco_ros2
-- Installing: /home/ahmed/Desktop/Robotics/install/mujoco_ros2/share/ament_index/resource_index/parent_prefix_path/mujoco_ros2
-- Installing: /home/ahmed/Desktop/Robotics/install/mujoco_ros2/share/mujoco_ros2/environment/ament_prefix_path.sh
-- Installing: /home/ahmed/Desktop/Robotics/install/mujoco_ros2/share/mujoco_ros2/environment/ament_prefix_path.dsv
-- Installing: /home/ahmed/Desktop/Robotics/install/mujoco_ros2/share/mujoco_ros2/environment/path.sh
-- Installing: /home/ahmed/Desktop/Robotics/install/mujoco_ros2/share/mujoco_ros2/environment/path.dsv
-- Installing: /home/ahmed/Desktop/Robotics/install/mujoco_ros2/share/mujoco_ros2/local_setup.bash
-- Installing: /home/ahmed/Desktop/Robotics/install/mujoco_ros2/share/mujoco_ros2/local_setup.sh
-- Installing: /home/ahmed/Desktop/Robotics/install/mujoco_ros2/share/mujoco_ros2/local_setup.zsh
-- Installing: /home/ahmed/Desktop/Robotics/install/mujoco_ros2/share/mujoco_ros2/local_setup.dsv
-- Installing: /home/ahmed/Desktop/Robotics/install/mujoco_ros2/share/mujoco_ros2/package.dsv
-- Installing: /home/ahmed/Desktop/Robotics/install/mujoco_ros2/share/ament_index/resource_index/packages/mujoco_ros2
-- Installing: /home/ahmed/Desktop/Robotics/install/mujoco_ros2/share/mujoco_ros2/cmake/mujoco_ros2Config.cmake
-- Installing: /home/ahmed/Desktop/Robotics/install/mujoco_ros2/share/mujoco_ros2/cmake/mujoco_ros2Config-version.cmake
-- Installing: /home/ahmed/Desktop/Robotics/install/mujoco_ros2/share/mujoco_ros2/package.xml
