[0.009s] Invoking command in '/home/ahmed/Desktop/Robotics/build/mujoco_ros2': CMAKE_PREFIX_PATH=${CMAKE_PREFIX_PATH}:/opt/ros/jazzy DEBUGINFOD_URLS=https://debuginfod.ubuntu.com /usr/bin/cmake /home/ahmed/Desktop/Robotics/src/mujoco_ros2 -DCMAKE_INSTALL_PREFIX=/home/ahmed/Desktop/Robotics/install/mujoco_ros2
[0.162s] -- The C compiler identification is GNU 13.3.0
[0.276s] -- The CXX compiler identification is GNU 13.3.0
[0.296s] -- Detecting C compiler ABI info
[0.390s] -- Detecting C compiler ABI info - done
[0.396s] -- Check for working C compiler: /usr/bin/cc - skipped
[0.397s] -- Detecting C compile features
[0.397s] -- Detecting C compile features - done
[0.408s] -- Detecting CXX compiler ABI info
[0.499s] -- Detecting CXX compiler ABI info - done
[0.506s] -- Check for working CXX compiler: /usr/bin/c++ - skipped
[0.506s] -- Detecting CXX compile features
[0.506s] -- Detecting CXX compile features - done
[0.509s] -- Found ament_cmake: 2.5.6 (/opt/ros/jazzy/share/ament_cmake/cmake)
[0.625s] -- Found Python3: /usr/bin/python3 (found version "3.12.3") found components: Interpreter 
[0.706s] -- Found rclcpp: 28.1.22 (/opt/ros/jazzy/share/rclcpp/cmake)
[0.735s] -- Found rosidl_generator_c: 4.6.9 (/opt/ros/jazzy/share/rosidl_generator_c/cmake)
[0.744s] -- Found rosidl_generator_cpp: 4.6.9 (/opt/ros/jazzy/share/rosidl_generator_cpp/cmake)
[0.755s] -- Using all available rosidl_typesupport_c: rosidl_typesupport_fastrtps_c;rosidl_typesupport_introspection_c
[0.768s] -- Using all available rosidl_typesupport_cpp: rosidl_typesupport_fastrtps_cpp;rosidl_typesupport_introspection_cpp
[0.824s] -- Found rmw_implementation_cmake: 7.3.3 (/opt/ros/jazzy/share/rmw_implementation_cmake/cmake)
[0.826s] -- Found rmw_fastrtps_cpp: 8.4.4 (/opt/ros/jazzy/share/rmw_fastrtps_cpp/cmake)
[0.910s] -- Found OpenSSL: /usr/lib/x86_64-linux-gnu/libcrypto.so (found version "3.0.13")  
[0.926s] -- Found FastRTPS: /opt/ros/jazzy/include (Required is at least version "2.13") 
[0.946s] -- Using RMW implementation 'rmw_fastrtps_cpp' as default
[1.006s] -- Found sensor_msgs: 5.3.8 (/opt/ros/jazzy/share/sensor_msgs/cmake)
[1.119s] -- Configuring done (1.1s)
[1.130s] -- Generating done (0.0s)
[1.134s] -- Build files have been written to: /home/ahmed/Desktop/Robotics/build/mujoco_ros2
[1.143s] Invoked command in '/home/ahmed/Desktop/Robotics/build/mujoco_ros2' returned '0': CMAKE_PREFIX_PATH=${CMAKE_PREFIX_PATH}:/opt/ros/jazzy DEBUGINFOD_URLS=https://debuginfod.ubuntu.com /usr/bin/cmake /home/ahmed/Desktop/Robotics/src/mujoco_ros2 -DCMAKE_INSTALL_PREFIX=/home/ahmed/Desktop/Robotics/install/mujoco_ros2
[1.144s] Invoking command in '/home/ahmed/Desktop/Robotics/build/mujoco_ros2': CMAKE_PREFIX_PATH=${CMAKE_PREFIX_PATH}:/opt/ros/jazzy DEBUGINFOD_URLS=https://debuginfod.ubuntu.com /usr/bin/cmake --build /home/ahmed/Desktop/Robotics/build/mujoco_ros2 -- -j16 -l16
[1.193s] [ 66%] [32mBuilding CXX object CMakeFiles/mujoco_node.dir/src/nodes/mujoco_node.cpp.o[0m
[1.193s] [ 66%] [32mBuilding CXX object CMakeFiles/mujoco_node.dir/src/mujoco_ros.cpp.o[0m
[7.216s] [100%] [32m[1mLinking CXX executable mujoco_node[0m
[7.450s] [100%] Built target mujoco_node
[7.462s] Invoked command in '/home/ahmed/Desktop/Robotics/build/mujoco_ros2' returned '0': CMAKE_PREFIX_PATH=${CMAKE_PREFIX_PATH}:/opt/ros/jazzy DEBUGINFOD_URLS=https://debuginfod.ubuntu.com /usr/bin/cmake --build /home/ahmed/Desktop/Robotics/build/mujoco_ros2 -- -j16 -l16
[7.470s] Invoking command in '/home/ahmed/Desktop/Robotics/build/mujoco_ros2': CMAKE_PREFIX_PATH=${CMAKE_PREFIX_PATH}:/opt/ros/jazzy DEBUGINFOD_URLS=https://debuginfod.ubuntu.com /usr/bin/cmake --install /home/ahmed/Desktop/Robotics/build/mujoco_ros2
[7.477s] -- Install configuration: ""
[7.477s] -- Installing: /home/ahmed/Desktop/Robotics/install/mujoco_ros2/lib/mujoco_ros2/mujoco_node
[7.481s] -- Set non-toolchain portion of runtime path of "/home/ahmed/Desktop/Robotics/install/mujoco_ros2/lib/mujoco_ros2/mujoco_node" to ""
[7.481s] -- Installing: /home/ahmed/Desktop/Robotics/install/mujoco_ros2/share/mujoco_ros2/launch
[7.481s] -- Installing: /home/ahmed/Desktop/Robotics/install/mujoco_ros2/share/mujoco_ros2/launch/example.py
[7.482s] -- Installing: /home/ahmed/Desktop/Robotics/install/mujoco_ros2/share/mujoco_ros2/model
[7.482s] -- Installing: /home/ahmed/Desktop/Robotics/install/mujoco_ros2/share/mujoco_ros2/model/two_link_planar.xml
[7.482s] -- Installing: /home/ahmed/Desktop/Robotics/install/mujoco_ros2/share/mujoco_ros2/model/scene.xml
[7.482s] -- Installing: /home/ahmed/Desktop/Robotics/install/mujoco_ros2/share/ament_index/resource_index/package_run_dependencies/mujoco_ros2
[7.482s] -- Installing: /home/ahmed/Desktop/Robotics/install/mujoco_ros2/share/ament_index/resource_index/parent_prefix_path/mujoco_ros2
[7.482s] -- Installing: /home/ahmed/Desktop/Robotics/install/mujoco_ros2/share/mujoco_ros2/environment/ament_prefix_path.sh
[7.482s] -- Installing: /home/ahmed/Desktop/Robotics/install/mujoco_ros2/share/mujoco_ros2/environment/ament_prefix_path.dsv
[7.482s] -- Installing: /home/ahmed/Desktop/Robotics/install/mujoco_ros2/share/mujoco_ros2/environment/path.sh
[7.483s] -- Installing: /home/ahmed/Desktop/Robotics/install/mujoco_ros2/share/mujoco_ros2/environment/path.dsv
[7.483s] -- Installing: /home/ahmed/Desktop/Robotics/install/mujoco_ros2/share/mujoco_ros2/local_setup.bash
[7.483s] -- Installing: /home/ahmed/Desktop/Robotics/install/mujoco_ros2/share/mujoco_ros2/local_setup.sh
[7.483s] -- Installing: /home/ahmed/Desktop/Robotics/install/mujoco_ros2/share/mujoco_ros2/local_setup.zsh
[7.483s] -- Installing: /home/ahmed/Desktop/Robotics/install/mujoco_ros2/share/mujoco_ros2/local_setup.dsv
[7.483s] -- Installing: /home/ahmed/Desktop/Robotics/install/mujoco_ros2/share/mujoco_ros2/package.dsv
[7.483s] -- Installing: /home/ahmed/Desktop/Robotics/install/mujoco_ros2/share/ament_index/resource_index/packages/mujoco_ros2
[7.483s] -- Installing: /home/ahmed/Desktop/Robotics/install/mujoco_ros2/share/mujoco_ros2/cmake/mujoco_ros2Config.cmake
[7.483s] -- Installing: /home/ahmed/Desktop/Robotics/install/mujoco_ros2/share/mujoco_ros2/cmake/mujoco_ros2Config-version.cmake
[7.483s] -- Installing: /home/ahmed/Desktop/Robotics/install/mujoco_ros2/share/mujoco_ros2/package.xml
[7.485s] Invoked command in '/home/ahmed/Desktop/Robotics/build/mujoco_ros2' returned '0': CMAKE_PREFIX_PATH=${CMAKE_PREFIX_PATH}:/opt/ros/jazzy DEBUGINFOD_URLS=https://debuginfod.ubuntu.com /usr/bin/cmake --install /home/ahmed/Desktop/Robotics/build/mujoco_ros2
