[100%] Built target mujoco_node
-- Install configuration: ""
-- Up-to-date: /home/ahmed/Desktop/Robotics/install/mujoco_ros2/lib/mujoco_ros2/mujoco_node
-- Up-to-date: /home/ahmed/Desktop/Robotics/install/mujoco_ros2/share/mujoco_ros2/launch
-- Installing: /home/ahmed/Desktop/Robotics/install/mujoco_ros2/share/mujoco_ros2/launch/example.py
-- Up-to-date: /home/ahmed/Desktop/Robotics/install/mujoco_ros2/share/mujoco_ros2/model
-- Up-to-date: /home/ahmed/Desktop/Robotics/install/mujoco_ros2/share/mujoco_ros2/model/two_link_planar.xml
-- Up-to-date: /home/ahmed/Desktop/Robotics/install/mujoco_ros2/share/mujoco_ros2/model/scene.xml
-- Installing: /home/ahmed/Desktop/Robotics/install/mujoco_ros2/share/mujoco_ros2/model/ufactory_lite6
-- Installing: /home/ahmed/Desktop/Robotics/install/mujoco_ros2/share/mujoco_ros2/model/ufactory_lite6/scene.xml
-- Installing: /home/ahmed/Desktop/Robotics/install/mujoco_ros2/share/mujoco_ros2/model/ufactory_lite6/lite6_gripper_wide_open.png
-- Installing: /home/ahmed/Desktop/Robotics/install/mujoco_ros2/share/mujoco_ros2/model/ufactory_lite6/README.md
-- Installing: /home/ahmed/Desktop/Robotics/install/mujoco_ros2/share/mujoco_ros2/model/ufactory_lite6/lite6_gripper_narrow_closed.png
-- Installing: /home/ahmed/Desktop/Robotics/install/mujoco_ros2/share/mujoco_ros2/model/ufactory_lite6/lite6_gripper_wide_closed.png
-- Installing: /home/ahmed/Desktop/Robotics/install/mujoco_ros2/share/mujoco_ros2/model/ufactory_lite6/lite6.png
-- Installing: /home/ahmed/Desktop/Robotics/install/mujoco_ros2/share/mujoco_ros2/model/ufactory_lite6/lite6_gripper_narrow.xml
-- Installing: /home/ahmed/Desktop/Robotics/install/mujoco_ros2/share/mujoco_ros2/model/ufactory_lite6/CHANGELOG.md
-- Installing: /home/ahmed/Desktop/Robotics/install/mujoco_ros2/share/mujoco_ros2/model/ufactory_lite6/lite6_gripper_wide.xml
-- Installing: /home/ahmed/Desktop/Robotics/install/mujoco_ros2/share/mujoco_ros2/model/ufactory_lite6/assets
-- Installing: /home/ahmed/Desktop/Robotics/install/mujoco_ros2/share/mujoco_ros2/model/ufactory_lite6/assets/visual
-- Installing: /home/ahmed/Desktop/Robotics/install/mujoco_ros2/share/mujoco_ros2/model/ufactory_lite6/assets/visual/link5.stl
-- Installing: /home/ahmed/Desktop/Robotics/install/mujoco_ros2/share/mujoco_ros2/model/ufactory_lite6/assets/visual/link6.stl
-- Installing: /home/ahmed/Desktop/Robotics/install/mujoco_ros2/share/mujoco_ros2/model/ufactory_lite6/assets/visual/link2.stl
-- Installing: /home/ahmed/Desktop/Robotics/install/mujoco_ros2/share/mujoco_ros2/model/ufactory_lite6/assets/visual/gripper_lite_left_finger_narrow.stl
-- Installing: /home/ahmed/Desktop/Robotics/install/mujoco_ros2/share/mujoco_ros2/model/ufactory_lite6/assets/visual/link3.stl
-- Installing: /home/ahmed/Desktop/Robotics/install/mujoco_ros2/share/mujoco_ros2/model/ufactory_lite6/assets/visual/link4.stl
-- Installing: /home/ahmed/Desktop/Robotics/install/mujoco_ros2/share/mujoco_ros2/model/ufactory_lite6/assets/visual/link_base.stl
-- Installing: /home/ahmed/Desktop/Robotics/install/mujoco_ros2/share/mujoco_ros2/model/ufactory_lite6/assets/visual/vacuum_gripper_lite.stl
-- Installing: /home/ahmed/Desktop/Robotics/install/mujoco_ros2/share/mujoco_ros2/model/ufactory_lite6/assets/visual/gripper_lite_right_finger_narrow.stl
-- Installing: /home/ahmed/Desktop/Robotics/install/mujoco_ros2/share/mujoco_ros2/model/ufactory_lite6/assets/visual/gripper_lite_right_finger_wide.stl
-- Installing: /home/ahmed/Desktop/Robotics/install/mujoco_ros2/share/mujoco_ros2/model/ufactory_lite6/assets/visual/gripper_lite_left_finger_wide.stl
-- Installing: /home/ahmed/Desktop/Robotics/install/mujoco_ros2/share/mujoco_ros2/model/ufactory_lite6/assets/visual/link1.stl
-- Installing: /home/ahmed/Desktop/Robotics/install/mujoco_ros2/share/mujoco_ros2/model/ufactory_lite6/assets/visual/gripper_lite_body.stl
-- Installing: /home/ahmed/Desktop/Robotics/install/mujoco_ros2/share/mujoco_ros2/model/ufactory_lite6/assets/collision
-- Installing: /home/ahmed/Desktop/Robotics/install/mujoco_ros2/share/mujoco_ros2/model/ufactory_lite6/assets/collision/gripper_lite_left_finger_wide_base.stl
-- Installing: /home/ahmed/Desktop/Robotics/install/mujoco_ros2/share/mujoco_ros2/model/ufactory_lite6/assets/collision/link5.stl
-- Installing: /home/ahmed/Desktop/Robotics/install/mujoco_ros2/share/mujoco_ros2/model/ufactory_lite6/assets/collision/link6.stl
-- Installing: /home/ahmed/Desktop/Robotics/install/mujoco_ros2/share/mujoco_ros2/model/ufactory_lite6/assets/collision/link2.stl
-- Installing: /home/ahmed/Desktop/Robotics/install/mujoco_ros2/share/mujoco_ros2/model/ufactory_lite6/assets/collision/gripper_lite_right_finger_wide_tip.stl
-- Installing: /home/ahmed/Desktop/Robotics/install/mujoco_ros2/share/mujoco_ros2/model/ufactory_lite6/assets/collision/link3.stl
-- Installing: /home/ahmed/Desktop/Robotics/install/mujoco_ros2/share/mujoco_ros2/model/ufactory_lite6/assets/collision/link4.stl
-- Installing: /home/ahmed/Desktop/Robotics/install/mujoco_ros2/share/mujoco_ros2/model/ufactory_lite6/assets/collision/link_base.stl
-- Installing: /home/ahmed/Desktop/Robotics/install/mujoco_ros2/share/mujoco_ros2/model/ufactory_lite6/assets/collision/gripper_lite_right_finger_wide_base.stl
-- Installing: /home/ahmed/Desktop/Robotics/install/mujoco_ros2/share/mujoco_ros2/model/ufactory_lite6/assets/collision/vacuum_gripper_lite.stl
-- Installing: /home/ahmed/Desktop/Robotics/install/mujoco_ros2/share/mujoco_ros2/model/ufactory_lite6/assets/collision/gripper_lite_left_finger_wide_tip.stl
-- Installing: /home/ahmed/Desktop/Robotics/install/mujoco_ros2/share/mujoco_ros2/model/ufactory_lite6/assets/collision/link1.stl
-- Installing: /home/ahmed/Desktop/Robotics/install/mujoco_ros2/share/mujoco_ros2/model/ufactory_lite6/assets/collision/gripper_lite_body.stl
-- Installing: /home/ahmed/Desktop/Robotics/install/mujoco_ros2/share/mujoco_ros2/model/ufactory_lite6/lite6.xml
-- Installing: /home/ahmed/Desktop/Robotics/install/mujoco_ros2/share/mujoco_ros2/model/ufactory_lite6/lite6_gripper_narrow_open.png
-- Installing: /home/ahmed/Desktop/Robotics/install/mujoco_ros2/share/mujoco_ros2/model/ufactory_lite6/LICENSE
-- Up-to-date: /home/ahmed/Desktop/Robotics/install/mujoco_ros2/share/ament_index/resource_index/package_run_dependencies/mujoco_ros2
-- Up-to-date: /home/ahmed/Desktop/Robotics/install/mujoco_ros2/share/ament_index/resource_index/parent_prefix_path/mujoco_ros2
-- Up-to-date: /home/ahmed/Desktop/Robotics/install/mujoco_ros2/share/mujoco_ros2/environment/ament_prefix_path.sh
-- Up-to-date: /home/ahmed/Desktop/Robotics/install/mujoco_ros2/share/mujoco_ros2/environment/ament_prefix_path.dsv
-- Up-to-date: /home/ahmed/Desktop/Robotics/install/mujoco_ros2/share/mujoco_ros2/environment/path.sh
-- Up-to-date: /home/ahmed/Desktop/Robotics/install/mujoco_ros2/share/mujoco_ros2/environment/path.dsv
-- Up-to-date: /home/ahmed/Desktop/Robotics/install/mujoco_ros2/share/mujoco_ros2/local_setup.bash
-- Up-to-date: /home/ahmed/Desktop/Robotics/install/mujoco_ros2/share/mujoco_ros2/local_setup.sh
-- Up-to-date: /home/ahmed/Desktop/Robotics/install/mujoco_ros2/share/mujoco_ros2/local_setup.zsh
-- Up-to-date: /home/ahmed/Desktop/Robotics/install/mujoco_ros2/share/mujoco_ros2/local_setup.dsv
-- Installing: /home/ahmed/Desktop/Robotics/install/mujoco_ros2/share/mujoco_ros2/package.dsv
-- Up-to-date: /home/ahmed/Desktop/Robotics/install/mujoco_ros2/share/ament_index/resource_index/packages/mujoco_ros2
-- Up-to-date: /home/ahmed/Desktop/Robotics/install/mujoco_ros2/share/mujoco_ros2/cmake/mujoco_ros2Config.cmake
-- Up-to-date: /home/ahmed/Desktop/Robotics/install/mujoco_ros2/share/mujoco_ros2/cmake/mujoco_ros2Config-version.cmake
-- Up-to-date: /home/ahmed/Desktop/Robotics/install/mujoco_ros2/share/mujoco_ros2/package.xml
