[0.013s] Invoking command in '/home/ahmed/Desktop/Robotics/build/mujoco_ros2': CMAKE_PREFIX_PATH=${CMAKE_PREFIX_PATH}:/opt/ros/jazzy DEBUGINFOD_URLS=https://debuginfod.ubuntu.com /usr/bin/cmake --build /home/ahmed/Desktop/Robotics/build/mujoco_ros2 -- -j16 -l16
[0.085s] [100%] Built target mujoco_node
[0.097s] Invoked command in '/home/ahmed/Desktop/Robotics/build/mujoco_ros2' returned '0': CMAKE_PREFIX_PATH=${CMAKE_PREFIX_PATH}:/opt/ros/jazzy DEBUGINFOD_URLS=https://debuginfod.ubuntu.com /usr/bin/cmake --build /home/ahmed/Desktop/Robotics/build/mujoco_ros2 -- -j16 -l16
[0.109s] Invoking command in '/home/ahmed/Desktop/Robotics/build/mujoco_ros2': CMAKE_PREFIX_PATH=${CMAKE_PREFIX_PATH}:/opt/ros/jazzy DEBUGINFOD_URLS=https://debuginfod.ubuntu.com /usr/bin/cmake --install /home/ahmed/Desktop/Robotics/build/mujoco_ros2
[0.118s] -- Install configuration: ""
[0.118s] -- Up-to-date: /home/ahmed/Desktop/Robotics/install/mujoco_ros2/lib/mujoco_ros2/mujoco_node
[0.118s] -- Up-to-date: /home/ahmed/Desktop/Robotics/install/mujoco_ros2/share/mujoco_ros2/launch
[0.118s] -- Installing: /home/ahmed/Desktop/Robotics/install/mujoco_ros2/share/mujoco_ros2/launch/example.py
[0.119s] -- Up-to-date: /home/ahmed/Desktop/Robotics/install/mujoco_ros2/share/mujoco_ros2/model
[0.119s] -- Up-to-date: /home/ahmed/Desktop/Robotics/install/mujoco_ros2/share/mujoco_ros2/model/two_link_planar.xml
[0.119s] -- Up-to-date: /home/ahmed/Desktop/Robotics/install/mujoco_ros2/share/mujoco_ros2/model/scene.xml
[0.119s] -- Installing: /home/ahmed/Desktop/Robotics/install/mujoco_ros2/share/mujoco_ros2/model/ufactory_lite6
[0.119s] -- Installing: /home/ahmed/Desktop/Robotics/install/mujoco_ros2/share/mujoco_ros2/model/ufactory_lite6/scene.xml
[0.119s] -- Installing: /home/ahmed/Desktop/Robotics/install/mujoco_ros2/share/mujoco_ros2/model/ufactory_lite6/lite6_gripper_wide_open.png
[0.119s] -- Installing: /home/ahmed/Desktop/Robotics/install/mujoco_ros2/share/mujoco_ros2/model/ufactory_lite6/README.md
[0.119s] -- Installing: /home/ahmed/Desktop/Robotics/install/mujoco_ros2/share/mujoco_ros2/model/ufactory_lite6/lite6_gripper_narrow_closed.png
[0.119s] -- Installing: /home/ahmed/Desktop/Robotics/install/mujoco_ros2/share/mujoco_ros2/model/ufactory_lite6/lite6_gripper_wide_closed.png
[0.120s] -- Installing: /home/ahmed/Desktop/Robotics/install/mujoco_ros2/share/mujoco_ros2/model/ufactory_lite6/lite6.png
[0.121s] -- Installing: /home/ahmed/Desktop/Robotics/install/mujoco_ros2/share/mujoco_ros2/model/ufactory_lite6/lite6_gripper_narrow.xml
[0.121s] -- Installing: /home/ahmed/Desktop/Robotics/install/mujoco_ros2/share/mujoco_ros2/model/ufactory_lite6/CHANGELOG.md
[0.121s] -- Installing: /home/ahmed/Desktop/Robotics/install/mujoco_ros2/share/mujoco_ros2/model/ufactory_lite6/lite6_gripper_wide.xml
[0.121s] -- Installing: /home/ahmed/Desktop/Robotics/install/mujoco_ros2/share/mujoco_ros2/model/ufactory_lite6/assets
[0.121s] -- Installing: /home/ahmed/Desktop/Robotics/install/mujoco_ros2/share/mujoco_ros2/model/ufactory_lite6/assets/visual
[0.122s] -- Installing: /home/ahmed/Desktop/Robotics/install/mujoco_ros2/share/mujoco_ros2/model/ufactory_lite6/assets/visual/link5.stl
[0.122s] -- Installing: /home/ahmed/Desktop/Robotics/install/mujoco_ros2/share/mujoco_ros2/model/ufactory_lite6/assets/visual/link6.stl
[0.122s] -- Installing: /home/ahmed/Desktop/Robotics/install/mujoco_ros2/share/mujoco_ros2/model/ufactory_lite6/assets/visual/link2.stl
[0.123s] -- Installing: /home/ahmed/Desktop/Robotics/install/mujoco_ros2/share/mujoco_ros2/model/ufactory_lite6/assets/visual/gripper_lite_left_finger_narrow.stl
[0.123s] -- Installing: /home/ahmed/Desktop/Robotics/install/mujoco_ros2/share/mujoco_ros2/model/ufactory_lite6/assets/visual/link3.stl
[0.123s] -- Installing: /home/ahmed/Desktop/Robotics/install/mujoco_ros2/share/mujoco_ros2/model/ufactory_lite6/assets/visual/link4.stl
[0.124s] -- Installing: /home/ahmed/Desktop/Robotics/install/mujoco_ros2/share/mujoco_ros2/model/ufactory_lite6/assets/visual/link_base.stl
[0.124s] -- Installing: /home/ahmed/Desktop/Robotics/install/mujoco_ros2/share/mujoco_ros2/model/ufactory_lite6/assets/visual/vacuum_gripper_lite.stl
[0.124s] -- Installing: /home/ahmed/Desktop/Robotics/install/mujoco_ros2/share/mujoco_ros2/model/ufactory_lite6/assets/visual/gripper_lite_right_finger_narrow.stl
[0.125s] -- Installing: /home/ahmed/Desktop/Robotics/install/mujoco_ros2/share/mujoco_ros2/model/ufactory_lite6/assets/visual/gripper_lite_right_finger_wide.stl
[0.125s] -- Installing: /home/ahmed/Desktop/Robotics/install/mujoco_ros2/share/mujoco_ros2/model/ufactory_lite6/assets/visual/gripper_lite_left_finger_wide.stl
[0.125s] -- Installing: /home/ahmed/Desktop/Robotics/install/mujoco_ros2/share/mujoco_ros2/model/ufactory_lite6/assets/visual/link1.stl
[0.125s] -- Installing: /home/ahmed/Desktop/Robotics/install/mujoco_ros2/share/mujoco_ros2/model/ufactory_lite6/assets/visual/gripper_lite_body.stl
[0.125s] -- Installing: /home/ahmed/Desktop/Robotics/install/mujoco_ros2/share/mujoco_ros2/model/ufactory_lite6/assets/collision
[0.126s] -- Installing: /home/ahmed/Desktop/Robotics/install/mujoco_ros2/share/mujoco_ros2/model/ufactory_lite6/assets/collision/gripper_lite_left_finger_wide_base.stl
[0.126s] -- Installing: /home/ahmed/Desktop/Robotics/install/mujoco_ros2/share/mujoco_ros2/model/ufactory_lite6/assets/collision/link5.stl
[0.126s] -- Installing: /home/ahmed/Desktop/Robotics/install/mujoco_ros2/share/mujoco_ros2/model/ufactory_lite6/assets/collision/link6.stl
[0.126s] -- Installing: /home/ahmed/Desktop/Robotics/install/mujoco_ros2/share/mujoco_ros2/model/ufactory_lite6/assets/collision/link2.stl
[0.126s] -- Installing: /home/ahmed/Desktop/Robotics/install/mujoco_ros2/share/mujoco_ros2/model/ufactory_lite6/assets/collision/gripper_lite_right_finger_wide_tip.stl
[0.127s] -- Installing: /home/ahmed/Desktop/Robotics/install/mujoco_ros2/share/mujoco_ros2/model/ufactory_lite6/assets/collision/link3.stl
[0.127s] -- Installing: /home/ahmed/Desktop/Robotics/install/mujoco_ros2/share/mujoco_ros2/model/ufactory_lite6/assets/collision/link4.stl
[0.127s] -- Installing: /home/ahmed/Desktop/Robotics/install/mujoco_ros2/share/mujoco_ros2/model/ufactory_lite6/assets/collision/link_base.stl
[0.127s] -- Installing: /home/ahmed/Desktop/Robotics/install/mujoco_ros2/share/mujoco_ros2/model/ufactory_lite6/assets/collision/gripper_lite_right_finger_wide_base.stl
[0.127s] -- Installing: /home/ahmed/Desktop/Robotics/install/mujoco_ros2/share/mujoco_ros2/model/ufactory_lite6/assets/collision/vacuum_gripper_lite.stl
[0.128s] -- Installing: /home/ahmed/Desktop/Robotics/install/mujoco_ros2/share/mujoco_ros2/model/ufactory_lite6/assets/collision/gripper_lite_left_finger_wide_tip.stl
[0.128s] -- Installing: /home/ahmed/Desktop/Robotics/install/mujoco_ros2/share/mujoco_ros2/model/ufactory_lite6/assets/collision/link1.stl
[0.128s] -- Installing: /home/ahmed/Desktop/Robotics/install/mujoco_ros2/share/mujoco_ros2/model/ufactory_lite6/assets/collision/gripper_lite_body.stl
[0.128s] -- Installing: /home/ahmed/Desktop/Robotics/install/mujoco_ros2/share/mujoco_ros2/model/ufactory_lite6/lite6.xml
[0.128s] -- Installing: /home/ahmed/Desktop/Robotics/install/mujoco_ros2/share/mujoco_ros2/model/ufactory_lite6/lite6_gripper_narrow_open.png
[0.128s] -- Installing: /home/ahmed/Desktop/Robotics/install/mujoco_ros2/share/mujoco_ros2/model/ufactory_lite6/LICENSE
[0.129s] -- Up-to-date: /home/ahmed/Desktop/Robotics/install/mujoco_ros2/share/ament_index/resource_index/package_run_dependencies/mujoco_ros2
[0.129s] -- Up-to-date: /home/ahmed/Desktop/Robotics/install/mujoco_ros2/share/ament_index/resource_index/parent_prefix_path/mujoco_ros2
[0.129s] -- Up-to-date: /home/ahmed/Desktop/Robotics/install/mujoco_ros2/share/mujoco_ros2/environment/ament_prefix_path.sh
[0.129s] -- Up-to-date: /home/ahmed/Desktop/Robotics/install/mujoco_ros2/share/mujoco_ros2/environment/ament_prefix_path.dsv
[0.129s] -- Up-to-date: /home/ahmed/Desktop/Robotics/install/mujoco_ros2/share/mujoco_ros2/environment/path.sh
[0.129s] -- Up-to-date: /home/ahmed/Desktop/Robotics/install/mujoco_ros2/share/mujoco_ros2/environment/path.dsv
[0.129s] -- Up-to-date: /home/ahmed/Desktop/Robotics/install/mujoco_ros2/share/mujoco_ros2/local_setup.bash
[0.129s] -- Up-to-date: /home/ahmed/Desktop/Robotics/install/mujoco_ros2/share/mujoco_ros2/local_setup.sh
[0.129s] -- Up-to-date: /home/ahmed/Desktop/Robotics/install/mujoco_ros2/share/mujoco_ros2/local_setup.zsh
[0.129s] -- Up-to-date: /home/ahmed/Desktop/Robotics/install/mujoco_ros2/share/mujoco_ros2/local_setup.dsv
[0.129s] -- Installing: /home/ahmed/Desktop/Robotics/install/mujoco_ros2/share/mujoco_ros2/package.dsv
[0.129s] -- Up-to-date: /home/ahmed/Desktop/Robotics/install/mujoco_ros2/share/ament_index/resource_index/packages/mujoco_ros2
[0.129s] -- Up-to-date: /home/ahmed/Desktop/Robotics/install/mujoco_ros2/share/mujoco_ros2/cmake/mujoco_ros2Config.cmake
[0.130s] -- Up-to-date: /home/ahmed/Desktop/Robotics/install/mujoco_ros2/share/mujoco_ros2/cmake/mujoco_ros2Config-version.cmake
[0.130s] -- Up-to-date: /home/ahmed/Desktop/Robotics/install/mujoco_ros2/share/mujoco_ros2/package.xml
[0.132s] Invoked command in '/home/ahmed/Desktop/Robotics/build/mujoco_ros2' returned '0': CMAKE_PREFIX_PATH=${CMAKE_PREFIX_PATH}:/opt/ros/jazzy DEBUGINFOD_URLS=https://debuginfod.ubuntu.com /usr/bin/cmake --install /home/ahmed/Desktop/Robotics/build/mujoco_ros2
